[debug] [2026-02-01T20:53:05.447Z] ----------------------------------------------------------------------
[debug] [2026-02-01T20:53:05.450Z] Command:       C:\Program Files\nodejs\node.exe C:\Users\micsa\AppData\Roaming\npm\node_modules\firebase-tools\lib\bin\firebase.js deploy --only hosting
[debug] [2026-02-01T20:53:05.451Z] CLI Version:   15.5.1
[debug] [2026-02-01T20:53:05.451Z] Platform:      win32
[debug] [2026-02-01T20:53:05.452Z] Node Version:  v22.18.0
[debug] [2026-02-01T20:53:05.452Z] Time:          Sun Feb 01 2026 20:53:05 GMT+0000 (Greenwich Mean Time)
[debug] [2026-02-01T20:53:05.452Z] ----------------------------------------------------------------------
[debug] 
[debug] [2026-02-01T20:53:05.455Z] >>> [apiv2][query] GET https://firebase-public.firebaseio.com/cli.json [none]
[debug] [2026-02-01T20:53:07.781Z] > command requires scopes: ["email","openid","https://www.googleapis.com/auth/cloudplatformprojects.readonly","https://www.googleapis.com/auth/firebase","https://www.googleapis.com/auth/cloud-platform"]
[debug] [2026-02-01T20:53:07.782Z] > authorizing via signed-in user (kwartengblanksonfobi@gmail.com)
[debug] [2026-02-01T20:53:07.782Z] [iam] checking project csa-app-4c6c6 for permissions ["firebase.projects.get","firebasehosting.sites.update"]
[debug] [2026-02-01T20:53:07.783Z] Checked if tokens are valid: false, expires at: 1769513395891
[debug] [2026-02-01T20:53:07.783Z] Checked if tokens are valid: false, expires at: 1769513395891
[debug] [2026-02-01T20:53:07.783Z] > refreshing access token with scopes: []
[debug] [2026-02-01T20:53:07.784Z] >>> [apiv2][query] POST https://www.googleapis.com/oauth2/v3/token [none]
[debug] [2026-02-01T20:53:07.784Z] >>> [apiv2][body] POST https://www.googleapis.com/oauth2/v3/token [omitted]
[debug] [2026-02-01T20:53:09.021Z] <<< [apiv2][status] GET https://firebase-public.firebaseio.com/cli.json 200
[debug] [2026-02-01T20:53:09.021Z] <<< [apiv2][body] GET https://firebase-public.firebaseio.com/cli.json {"cloudBuildErrorAfter":1594252800000,"cloudBuildWarnAfter":1590019200000,"defaultNode10After":1594252800000,"minVersion":"3.0.5","node8DeploysDisabledAfter":1613390400000,"node8RuntimeDisabledAfter":1615809600000,"node8WarnAfter":1600128000000}
[debug] [2026-02-01T20:53:12.690Z] <<< [apiv2][status] POST https://www.googleapis.com/oauth2/v3/token 200
[debug] [2026-02-01T20:53:12.690Z] <<< [apiv2][body] POST https://www.googleapis.com/oauth2/v3/token [omitted]
[debug] [2026-02-01T20:53:12.733Z] >>> [apiv2][query] POST https://cloudresourcemanager.googleapis.com/v1/projects/csa-app-4c6c6:testIamPermissions [none]
[debug] [2026-02-01T20:53:12.733Z] >>> [apiv2][(partial)header] POST https://cloudresourcemanager.googleapis.com/v1/projects/csa-app-4c6c6:testIamPermissions  x-goog-user-project=csa-app-4c6c6
[debug] [2026-02-01T20:53:12.733Z] >>> [apiv2][body] POST https://cloudresourcemanager.googleapis.com/v1/projects/csa-app-4c6c6:testIamPermissions {"permissions":["firebase.projects.get","firebasehosting.sites.update"]}
[debug] [2026-02-01T20:53:17.396Z] <<< [apiv2][status] POST https://cloudresourcemanager.googleapis.com/v1/projects/csa-app-4c6c6:testIamPermissions 403
[debug] [2026-02-01T20:53:17.396Z] <<< [apiv2][body] POST https://cloudresourcemanager.googleapis.com/v1/projects/csa-app-4c6c6:testIamPermissions {"error":{"code":403,"message":"Caller does not have required permission to use project csa-app-4c6c6. Grant the caller the roles/serviceusage.serviceUsageConsumer role, or a custom role with the serviceusage.services.use permission, by visiting https://console.developers.google.com/iam-admin/iam/project?project=csa-app-4c6c6 and then retry. Propagation of the new permission may take a few minutes.","status":"PERMISSION_DENIED","details":[{"@type":"type.googleapis.com/google.rpc.ErrorInfo","reason":"USER_PROJECT_DENIED","domain":"googleapis.com","metadata":{"containerInfo":"csa-app-4c6c6","service":"cloudresourcemanager.googleapis.com","consoleUrl":"https://console.developers.google.com/iam-admin/iam/project?project=csa-app-4c6c6","consumer":"projects/csa-app-4c6c6"}},{"@type":"type.googleapis.com/google.rpc.LocalizedMessage","locale":"en-US","message":"Caller does not have required permission to use project csa-app-4c6c6. Grant the caller the roles/serviceusage.serviceUsageConsumer role, or a custom role with the serviceusage.services.use permission, by visiting https://console.developers.google.com/iam-admin/iam/project?project=csa-app-4c6c6 and then retry. Propagation of the new permission may take a few minutes."},{"@type":"type.googleapis.com/google.rpc.Help","links":[{"description":"Google developer console IAM admin","url":"https://console.developers.google.com/iam-admin/iam/project?project=csa-app-4c6c6"}]}]}}
[debug] [2026-02-01T20:53:17.398Z] [iam] error while checking permissions, command may fail: Request to https://cloudresourcemanager.googleapis.com/v1/projects/csa-app-4c6c6:testIamPermissions had HTTP Error: 403, Caller does not have required permission to use project csa-app-4c6c6. Grant the caller the roles/serviceusage.serviceUsageConsumer role, or a custom role with the serviceusage.services.use permission, by visiting https://console.developers.google.com/iam-admin/iam/project?project=csa-app-4c6c6 and then retry. Propagation of the new permission may take a few minutes.
[debug] [2026-02-01T20:53:17.399Z] Checked if tokens are valid: true, expires at: 1769982791691
[debug] [2026-02-01T20:53:17.400Z] Checked if tokens are valid: true, expires at: 1769982791691
[debug] [2026-02-01T20:53:17.400Z] >>> [apiv2][query] GET https://firebase.googleapis.com/v1beta1/projects/csa-app-4c6c6 [none]
[debug] [2026-02-01T20:53:20.980Z] <<< [apiv2][status] GET https://firebase.googleapis.com/v1beta1/projects/csa-app-4c6c6 403
[debug] [2026-02-01T20:53:20.981Z] <<< [apiv2][body] GET https://firebase.googleapis.com/v1beta1/projects/csa-app-4c6c6 {"error":{"code":403,"message":"The caller does not have permission","status":"PERMISSION_DENIED"}}
[debug] [2026-02-01T20:53:20.982Z] Request to https://firebase.googleapis.com/v1beta1/projects/csa-app-4c6c6 had HTTP Error: 403, The caller does not have permission
[debug] [2026-02-01T20:53:21.286Z] FirebaseError: Request to https://firebase.googleapis.com/v1beta1/projects/csa-app-4c6c6 had HTTP Error: 403, The caller does not have permission
    at responseToError (C:\Users\micsa\AppData\Roaming\npm\node_modules\firebase-tools\lib\responseToError.js:53:12)
    at RetryOperation._fn (C:\Users\micsa\AppData\Roaming\npm\node_modules\firebase-tools\lib\apiv2.js:330:77)
    at process.processTicksAndRejections (node:internal/process/task_queues:105:5)
[error] 
[error] Error: Failed to get Firebase project csa-app-4c6c6. Please make sure the project exists and your account has permission to access it.
